------------------------------------------------------------
Timing Analyzer Summary
------------------------------------------------------------

Type  : Slow 1100mV 85C Model Setup 'CLOCK_50'
Slack : -3.474
TNS   : -30.809

Type  : Slow 1100mV 85C Model Setup 'e_payment_fsm:i_e_payment_fsm|sl_coin_state.two_euro_690'
Slack : -0.099
TNS   : -0.138

Type  : Slow 1100mV 85C Model Hold 'CLOCK_50'
Slack : 0.306
TNS   : 0.000

Type  : Slow 1100mV 85C Model Hold 'e_payment_fsm:i_e_payment_fsm|sl_coin_state.two_euro_690'
Slack : 0.595
TNS   : 0.000

Type  : Slow 1100mV 85C Model Recovery 'CLOCK_50'
Slack : -0.951
TNS   : -9.286

Type  : Slow 1100mV 85C Model Removal 'CLOCK_50'
Slack : 0.889
TNS   : 0.000

Type  : Slow 1100mV 85C Model Minimum Pulse Width 'CLOCK_50'
Slack : 0.826
TNS   : 0.000

Type  : Slow 1100mV 85C Model Minimum Pulse Width 'e_payment_fsm:i_e_payment_fsm|sl_coin_state.two_euro_690'
Slack : 1.483
TNS   : 0.000

Type  : Slow 1100mV 85C Model Minimum Pulse Width 'reset'
Slack : 1.837
TNS   : 0.000

Type  : Slow 1100mV 0C Model Setup 'CLOCK_50'
Slack : -3.105
TNS   : -26.078

Type  : Slow 1100mV 0C Model Setup 'e_payment_fsm:i_e_payment_fsm|sl_coin_state.two_euro_690'
Slack : -0.095
TNS   : -0.095

Type  : Slow 1100mV 0C Model Hold 'CLOCK_50'
Slack : 0.280
TNS   : 0.000

Type  : Slow 1100mV 0C Model Hold 'e_payment_fsm:i_e_payment_fsm|sl_coin_state.two_euro_690'
Slack : 0.536
TNS   : 0.000

Type  : Slow 1100mV 0C Model Recovery 'CLOCK_50'
Slack : -0.691
TNS   : -6.716

Type  : Slow 1100mV 0C Model Removal 'CLOCK_50'
Slack : 0.644
TNS   : 0.000

Type  : Slow 1100mV 0C Model Minimum Pulse Width 'CLOCK_50'
Slack : 0.813
TNS   : 0.000

Type  : Slow 1100mV 0C Model Minimum Pulse Width 'e_payment_fsm:i_e_payment_fsm|sl_coin_state.two_euro_690'
Slack : 1.518
TNS   : 0.000

Type  : Slow 1100mV 0C Model Minimum Pulse Width 'reset'
Slack : 1.838
TNS   : 0.000

Type  : Fast 1100mV 85C Model Setup 'CLOCK_50'
Slack : -1.184
TNS   : -9.105

Type  : Fast 1100mV 85C Model Setup 'e_payment_fsm:i_e_payment_fsm|sl_coin_state.two_euro_690'
Slack : 1.683
TNS   : 0.000

Type  : Fast 1100mV 85C Model Hold 'CLOCK_50'
Slack : 0.178
TNS   : 0.000

Type  : Fast 1100mV 85C Model Hold 'e_payment_fsm:i_e_payment_fsm|sl_coin_state.two_euro_690'
Slack : 0.369
TNS   : 0.000

Type  : Fast 1100mV 85C Model Recovery 'CLOCK_50'
Slack : -0.383
TNS   : -3.747

Type  : Fast 1100mV 85C Model Removal 'CLOCK_50'
Slack : 0.574
TNS   : 0.000

Type  : Fast 1100mV 85C Model Minimum Pulse Width 'CLOCK_50'
Slack : 0.826
TNS   : 0.000

Type  : Fast 1100mV 85C Model Minimum Pulse Width 'e_payment_fsm:i_e_payment_fsm|sl_coin_state.two_euro_690'
Slack : 1.504
TNS   : 0.000

Type  : Fast 1100mV 85C Model Minimum Pulse Width 'reset'
Slack : 1.551
TNS   : 0.000

Type  : Fast 1100mV 0C Model Setup 'CLOCK_50'
Slack : -0.594
TNS   : -3.906

Type  : Fast 1100mV 0C Model Setup 'e_payment_fsm:i_e_payment_fsm|sl_coin_state.two_euro_690'
Slack : 1.906
TNS   : 0.000

Type  : Fast 1100mV 0C Model Hold 'CLOCK_50'
Slack : 0.157
TNS   : 0.000

Type  : Fast 1100mV 0C Model Hold 'e_payment_fsm:i_e_payment_fsm|sl_coin_state.two_euro_690'
Slack : 0.320
TNS   : 0.000

Type  : Fast 1100mV 0C Model Recovery 'CLOCK_50'
Slack : -0.114
TNS   : -1.056

Type  : Fast 1100mV 0C Model Removal 'CLOCK_50'
Slack : 0.398
TNS   : 0.000

Type  : Fast 1100mV 0C Model Minimum Pulse Width 'CLOCK_50'
Slack : 0.826
TNS   : 0.000

Type  : Fast 1100mV 0C Model Minimum Pulse Width 'reset'
Slack : 1.547
TNS   : 0.000

Type  : Fast 1100mV 0C Model Minimum Pulse Width 'e_payment_fsm:i_e_payment_fsm|sl_coin_state.two_euro_690'
Slack : 1.610
TNS   : 0.000

------------------------------------------------------------
