------------------------------------------------------------
Timing Analyzer Summary
------------------------------------------------------------

Type  : Slow 1100mV 85C Model Setup 'CLOCK_50'
Slack : -1.322
TNS   : -7.465

Type  : Slow 1100mV 85C Model Setup 'e_payment_fsm:i_e_payment_fsm|sl_coin_state.two_euro_690'
Slack : 0.056
TNS   : 0.000

Type  : Slow 1100mV 85C Model Hold 'CLOCK_50'
Slack : 0.292
TNS   : 0.000

Type  : Slow 1100mV 85C Model Hold 'e_payment_fsm:i_e_payment_fsm|sl_coin_state.two_euro_690'
Slack : 0.591
TNS   : 0.000

Type  : Slow 1100mV 85C Model Recovery 'CLOCK_50'
Slack : -1.069
TNS   : -9.422

Type  : Slow 1100mV 85C Model Removal 'CLOCK_50'
Slack : 0.924
TNS   : 0.000

Type  : Slow 1100mV 85C Model Minimum Pulse Width 'CLOCK_50'
Slack : 1.392
TNS   : 0.000

Type  : Slow 1100mV 85C Model Minimum Pulse Width 'reset'
Slack : 1.613
TNS   : 0.000

Type  : Slow 1100mV 85C Model Minimum Pulse Width 'e_payment_fsm:i_e_payment_fsm|sl_coin_state.two_euro_690'
Slack : 1.798
TNS   : 0.000

Type  : Slow 1100mV 0C Model Setup 'CLOCK_50'
Slack : -1.038
TNS   : -5.814

Type  : Slow 1100mV 0C Model Setup 'e_payment_fsm:i_e_payment_fsm|sl_coin_state.two_euro_690'
Slack : 0.191
TNS   : 0.000

Type  : Slow 1100mV 0C Model Hold 'CLOCK_50'
Slack : 0.272
TNS   : 0.000

Type  : Slow 1100mV 0C Model Hold 'e_payment_fsm:i_e_payment_fsm|sl_coin_state.two_euro_690'
Slack : 0.563
TNS   : 0.000

Type  : Slow 1100mV 0C Model Recovery 'CLOCK_50'
Slack : -0.785
TNS   : -6.843

Type  : Slow 1100mV 0C Model Removal 'CLOCK_50'
Slack : 0.603
TNS   : 0.000

Type  : Slow 1100mV 0C Model Minimum Pulse Width 'CLOCK_50'
Slack : 1.319
TNS   : 0.000

Type  : Slow 1100mV 0C Model Minimum Pulse Width 'reset'
Slack : 1.610
TNS   : 0.000

Type  : Slow 1100mV 0C Model Minimum Pulse Width 'e_payment_fsm:i_e_payment_fsm|sl_coin_state.two_euro_690'
Slack : 1.831
TNS   : 0.000

Type  : Fast 1100mV 85C Model Setup 'CLOCK_50'
Slack : -0.727
TNS   : -3.993

Type  : Fast 1100mV 85C Model Setup 'e_payment_fsm:i_e_payment_fsm|sl_coin_state.two_euro_690'
Slack : 1.767
TNS   : 0.000

Type  : Fast 1100mV 85C Model Hold 'CLOCK_50'
Slack : 0.164
TNS   : 0.000

Type  : Fast 1100mV 85C Model Hold 'e_payment_fsm:i_e_payment_fsm|sl_coin_state.two_euro_690'
Slack : 0.326
TNS   : 0.000

Type  : Fast 1100mV 85C Model Recovery 'CLOCK_50'
Slack : -0.485
TNS   : -4.272

Type  : Fast 1100mV 85C Model Removal 'CLOCK_50'
Slack : 0.584
TNS   : 0.000

Type  : Fast 1100mV 85C Model Minimum Pulse Width 'CLOCK_50'
Slack : 1.422
TNS   : 0.000

Type  : Fast 1100mV 85C Model Minimum Pulse Width 'reset'
Slack : 1.429
TNS   : 0.000

Type  : Fast 1100mV 85C Model Minimum Pulse Width 'e_payment_fsm:i_e_payment_fsm|sl_coin_state.two_euro_690'
Slack : 1.825
TNS   : 0.000

Type  : Fast 1100mV 0C Model Setup 'CLOCK_50'
Slack : -0.442
TNS   : -2.327

Type  : Fast 1100mV 0C Model Setup 'e_payment_fsm:i_e_payment_fsm|sl_coin_state.two_euro_690'
Slack : 1.991
TNS   : 0.000

Type  : Fast 1100mV 0C Model Hold 'CLOCK_50'
Slack : 0.150
TNS   : 0.000

Type  : Fast 1100mV 0C Model Hold 'e_payment_fsm:i_e_payment_fsm|sl_coin_state.two_euro_690'
Slack : 0.299
TNS   : 0.000

Type  : Fast 1100mV 0C Model Recovery 'CLOCK_50'
Slack : -0.219
TNS   : -1.877

Type  : Fast 1100mV 0C Model Removal 'CLOCK_50'
Slack : 0.391
TNS   : 0.000

Type  : Fast 1100mV 0C Model Minimum Pulse Width 'CLOCK_50'
Slack : 1.422
TNS   : 0.000

Type  : Fast 1100mV 0C Model Minimum Pulse Width 'reset'
Slack : 1.433
TNS   : 0.000

Type  : Fast 1100mV 0C Model Minimum Pulse Width 'e_payment_fsm:i_e_payment_fsm|sl_coin_state.two_euro_690'
Slack : 1.857
TNS   : 0.000

------------------------------------------------------------
